#MAX_PLAYERS 1
#PLAYERSPAWN 15.5 9.5
#PLAYERSPAWN 16.5 9.5
#BLINKYSPAWN 16.5 17.5
#PINKYSPAWN 15.5 17.5
#INKYSPAWN 13.5 17.5
#CLYDESPAWN 18.5 17.5
#PADDING 2 2
#DIMENSIONS 28 29
eeeeeeeeeeeeeeeeeeeeeeeeeeeeeeee
eeeeeeeeeeeeeeeeeeeeeeeeeeeeeeee
eebbbbbbbbbbbbbbbbbbbbbbbbbbbbee
eebddddddddddddbbddddddddddddbee
eebdbbbbdbbbbbdbbdbbbbbdbbbbdbee
eebpbbbbdbbbbbdbbdbbbbbdbbbbpbee
eebdbbbbdbbbbbdbbdbbbbbdbbbbdbee
eebddddddddddddddddddddddddddbee
eebdbbbbdbbdbbbbbbbbdbbdbbbbdbee
eebdbbbbdbbdbbbbbbbbdbbdbbbbdbee
eebddddddbbddddbbddddbbddddddbee
eebbbbbbdbbbbbebbebbbbbdbbbbbbee
eebbbbbbdbbbbbebbebbbbbdbbbbbbee
eebbbbbbdbbeeeeeeeeeebbdbbbbbbee
bbbbbbbbdbbebbbggbbbebbdbbbbbbbb
eeweeeeeeeeebggggggbeeeeeeeeewee
bbbbbbbbdbbebbbbbbbbebbdbbbbbbbb
eebbbbbbdbbeeeeeeeeeebbdbbbbbbee
eebbbbbbdbbebbbbbbbbebbdbbbbbbee
eebbbbbbdbbebbbbbbbbebbdbbbbbbee
eebddddddddddddbbddddddddddddbee
eebdbbbbdbbbbbdbbdbbbbbdbbbbdbee
eebdbbbbdbbbbbdbbdbbbbbdbbbbdbee
eebpddbbddddddddddddddddbbddpbee
eebbbdbbdbbdbbbbbbbbdbbdbbdbbbee
eebbbdbbdbbdbbbbbbbbdbbdbbdbbbee
eebddddddbbddddbbddddbbddddddbee
eebdbbbbbbbbbbdbbdbbbbbbbbbbdbee
eebdbbbbbbbbbbdbbdbbbbbbbbbbdbee
eebddddddddddddddddddddddddddbee
eebbbbbbbbbbbbbbbbbbbbbbbbbbbbee
eeeeeeeeeeeeeeeeeeeeeeeeeeeeeeee
eeeeeeeeeeeeeeeeeeeeeeeeeeeeeeee